// Bun Snapshot v1, https://bun.sh/docs/test/snapshots

exports[`parseCapabilitiesFromJsx snapshot: full realistic page produces stable output: full-page-capabilities 1`] = `
[
  {
    "modelId": "moonshotai/Kimi-K2.5",
    "reasoning": false,
    "supportsImage": true,
  },
  {
    "modelId": "zai-org/GLM-5.1-FP8",
    "reasoning": true,
    "supportsImage": false,
  },
  {
    "modelId": "deepseek-ai/DeepSeek-V3.2",
    "reasoning": false,
    "supportsImage": false,
  },
  {
    "modelId": "openai/gpt-oss-120b",
    "reasoning": false,
    "supportsImage": false,
  },
  {
    "modelId": "MiniMaxAI/MiniMax-M2.7",
    "reasoning": false,
    "supportsImage": false,
  },
  {
    "modelId": "google/gemma-4-31B-it",
    "reasoning": true,
    "supportsImage": true,
  },
]
`;

exports[`parsePricingFromJsx snapshot: full realistic pricing page produces stable output: full-page-pricing 1`] = `
[
  {
    "modelId": "zai-org/GLM-5.2-FP8",
    "prices": [
      {
        "cachedInputPerMTok": 0.12,
        "completionWindow": "standard",
        "inputPerMTok": 0.5,
        "outputPerMTok": 2.5,
      },
      {
        "cachedInputPerMTok": 0.18,
        "completionWindow": "priority",
        "inputPerMTok": 0.7,
        "outputPerMTok": 3,
      },
      {
        "cachedInputPerMTok": 0.08,
        "completionWindow": "flex",
        "inputPerMTok": 0.4,
        "outputPerMTok": 1.8,
      },
      {
        "cachedInputPerMTok": 0.26,
        "completionWindow": "asap",
        "inputPerMTok": 1.4,
        "outputPerMTok": 4.4,
      },
    ],
  },
  {
    "modelId": "openai/gpt-oss-120b",
    "prices": [
      {
        "cachedInputPerMTok": 0.02,
        "completionWindow": "priority",
        "inputPerMTok": 0.04,
        "outputPerMTok": 0.3,
      },
      {
        "cachedInputPerMTok": 0.03,
        "completionWindow": "asap",
        "inputPerMTok": 0.06,
        "outputPerMTok": 0.4,
      },
    ],
  },
  {
    "modelId": "Qwen/Qwen3.6-35B-A3B",
    "prices": [
      {
        "cachedInputPerMTok": 0.015,
        "completionWindow": "flex",
        "inputPerMTok": 0.05,
        "outputPerMTok": 0.4,
      },
    ],
  },
]
`;
