// Bun Snapshot v1, https://bun.sh/docs/test/snapshots

exports[`parseCapabilitiesFromJsx snapshot: full realistic page produces stable output: full-page-capabilities 1`] = `
[
  {
    "modelId": "moonshotai/Kimi-K2.5",
    "reasoning": false,
    "supportsImage": true,
  },
  {
    "modelId": "zai-org/GLM-5.1-FP8",
    "reasoning": true,
    "supportsImage": false,
  },
  {
    "modelId": "deepseek-ai/DeepSeek-V3.2",
    "reasoning": false,
    "supportsImage": false,
  },
  {
    "modelId": "openai/gpt-oss-120b",
    "reasoning": false,
    "supportsImage": false,
  },
  {
    "modelId": "MiniMaxAI/MiniMax-M2.7",
    "reasoning": false,
    "supportsImage": false,
  },
  {
    "modelId": "google/gemma-4-31B-it",
    "reasoning": true,
    "supportsImage": true,
  },
]
`;

exports[`parsePricingFromJsx snapshot: full realistic pricing page produces stable output: full-page-pricing 1`] = `
[
  {
    "modelId": "zai-org/GLM-5.3",
    "prices": [
      {
        "cachedInputPerMTok": 0.182,
        "completionWindow": "asap",
        "inputPerMTok": 0.98,
        "outputPerMTok": 3.08,
      },
      {
        "cachedInputPerMTok": 0.12,
        "completionWindow": "balanced",
        "inputPerMTok": 0.5,
        "outputPerMTok": 2.5,
      },
      {
        "cachedInputPerMTok": 0.08,
        "completionWindow": "flex",
        "inputPerMTok": 0.4,
        "outputPerMTok": 1.8,
      },
    ],
  },
  {
    "modelId": "deepseek-ai/DeepSeek-V4-Pro-0813",
    "prices": [
      {
        "cachedInputPerMTok": 0.044,
        "completionWindow": "asap",
        "inputPerMTok": 1.32,
        "outputPerMTok": 3.96,
      },
      {
        "cachedInputPerMTok": 0.022,
        "completionWindow": "flex",
        "inputPerMTok": 0.66,
        "outputPerMTok": 1.98,
      },
    ],
  },
  {
    "modelId": "Qwen/Qwen3.6-35B-A3B",
    "prices": [
      {
        "cachedInputPerMTok": 0.015,
        "completionWindow": "flex",
        "inputPerMTok": 0.05,
        "outputPerMTok": 0.4,
      },
    ],
  },
]
`;
